| main.ts:1:1:3:1 | functio ... "!");\\n} | hello |
