WARNING: Unused predicate computeIndices (/Users/hohn/local/codeql-workshop-runtime-values-c/exercises/Exercise7b.ql:66,11-25)
| test.c:10:5:10:12 | access to array | Array access at or beyond size; have 100 units, access at 100 |
| test.c:20:5:20:12 | access to array | Array access at or beyond size; have 100 units, access at 100 |
| test.c:21:5:21:13 | access to array | Array access at or beyond size; have 100 units, access at 100 |
| test.c:37:5:37:17 | access to array | Array access at or beyond size; have 100 units, access at 299 |
| test.c:37:5:37:17 | access to array | Array access at or beyond size; have 200 units, access at 299 |
| test.c:38:5:38:12 | access to array | Array access at or beyond size; have 100 units, access at 100 |
| test.c:39:5:39:13 | access to array | Array access at or beyond size; have 100 units, access at 300 |
| test.c:39:5:39:13 | access to array | Array access at or beyond size; have 200 units, access at 300 |
| test.c:43:9:43:17 | access to array | Array access at or beyond size; have 100 units, access at 198 |
| test.c:44:9:44:21 | access to array | Array access at or beyond size; have 100 units, access at 199 |
| test.c:45:9:45:21 | access to array | Array access at or beyond size; have 100 units, access at 200 |
| test.c:45:9:45:21 | access to array | Array access at or beyond size; have 200 units, access at 200 |
| test.c:67:5:67:12 | access to array | Array access at or beyond size; have 200 units, access at 200 |
| test.c:75:9:75:27 | access to array | Array access at or beyond size; have 200 units, access at 200 |
