| test.c:21:5:21:13 | access to array | test.c:15:26:15:28 | GVN | test.c:15:26:15:28 | 100 | test.c:16:24:16:27 | size | test.c:15:26:15:28 | GVN | test.c:21:9:21:12 | size | test.c:21:9:21:12 | size | 0 |
| test.c:21:5:21:13 | access to array | test.c:15:26:15:28 | GVN | test.c:16:24:16:27 | size | test.c:16:24:16:27 | size | test.c:15:26:15:28 | GVN | test.c:21:9:21:12 | size | test.c:21:9:21:12 | size | 0 |
| test.c:38:5:38:12 | access to array | test.c:26:39:26:41 | GVN | test.c:26:39:26:41 | 100 | test.c:28:24:28:27 | size | test.c:26:39:26:41 | GVN | test.c:38:9:38:11 | 100 | test.c:38:9:38:11 | 100 | 0 |
| test.c:69:5:69:19 | access to array | test.c:63:24:63:33 | GVN | test.c:63:24:63:33 | alloc_size | test.c:63:24:63:33 | alloc_size | test.c:63:24:63:33 | GVN | test.c:69:9:69:18 | alloc_size | test.c:69:9:69:18 | alloc_size | 0 |
| test.c:73:9:73:23 | access to array | test.c:63:24:63:33 | GVN | test.c:63:24:63:33 | alloc_size | test.c:63:24:63:33 | alloc_size | test.c:63:24:63:33 | GVN | test.c:73:13:73:22 | alloc_size | test.c:73:13:73:22 | alloc_size | 0 |
| test.c:74:9:74:27 | access to array | test.c:63:24:63:33 | GVN | test.c:63:24:63:33 | alloc_size | test.c:63:24:63:33 | alloc_size | test.c:74:13:74:26 | GVN | test.c:74:13:74:26 | ... + ... | test.c:74:13:74:22 | alloc_size | 1 |
| test.c:75:9:75:27 | access to array | test.c:63:24:63:33 | GVN | test.c:63:24:63:33 | alloc_size | test.c:63:24:63:33 | alloc_size | test.c:75:13:75:26 | GVN | test.c:75:13:75:26 | ... + ... | test.c:75:13:75:22 | alloc_size | 2 |
| test.c:83:5:83:19 | access to array | test.c:81:24:81:33 | GVN | test.c:81:24:81:33 | ... * ... | test.c:81:24:81:33 | ... * ... | test.c:81:24:81:33 | GVN | test.c:83:9:83:18 | ... * ... | test.c:83:9:83:18 | ... * ... | 0 |
| test.c:84:5:84:23 | access to array | test.c:81:24:81:33 | GVN | test.c:81:24:81:33 | ... * ... | test.c:81:24:81:33 | ... * ... | test.c:84:9:84:22 | GVN | test.c:84:9:84:22 | ... + ... | test.c:84:9:84:18 | ... * ... | 1 |
